// Vitest Snapshot v1, https://vitest.dev/guide/snapshot.html

exports[`Snapshot SongItem.vue > renders correctly 1`] = `
<div
  data-v-app=""
>
  
  <!--Вариант с классами (section 20, video 012, time 5:00)-->
  <!--https://michaelnthiessen.com/dynamically-add-class-name-->
  <li
    class="flex justify-between items-center p-3 pl-6 cursor-pointer transition duration-300 hover:bg-gray-50 song-id-abc"
    id="song-id-abc"
  >
    <div>
      <router-link-stub
        class="font-bold block text-gray-600"
        custom="false"
        to="[object Object]"
      />
      <!-- имя юзера, который выгрузил песню в хранилище -->
      <span
        class="text-gray-500 text-sm"
      >
        test
      </span>
    </div>
    <div
      class="text-gray-600 text-lg"
    >
      <!-- custom attr дает нам контроль над поведением при навигации,
       мы хотим при переходе на страницу song проскроллить к фрагменту comments-->
      <router-link-stub
        custom="true"
        to="[object Object]"
      />
    </div>
  </li>
  
</div>
`;
